
-------------------------------------------------------------------------------
   ROBOCOPY     ::     Robust File Copy for Windows                              
-------------------------------------------------------------------------------

  Started : sobota, 16 maja 2026 00:48:30
   Source : g:\systemair\energy_mamagment\custom_components\energy_management\
     Dest : \\192.168.100.5\config\custom_components\energy_management\

    Files : *.*
	    
  Options : *.* /V /S /E /DCOPY:DA /COPY:DAT /NP /R:5 /W:5 

------------------------------------------------------------------------------

	                  17	g:\systemair\energy_mamagment\custom_components\energy_management\
	*EXTRA Dir        -1	\\192.168.100.5\config\custom_components\energy_management\__pycache__\
	          same		    9360	binary_sensor.py
	          same		   18311	config_flow.py
	          same		    2699	DEBATE.md
	          same		    4098	number.py
	          same		    4313	services.yaml
	          same		   18021	strategy_dp.py
	          same		   10503	strings.json
	          same		    1820	switch.py
	          same		    9174	__init__.py
	    Newer     		    6839	const.py
	    Newer     		     418	manifest.json
	    Newer     		  239653	sensor.py
	    Newer     		    1462	strategy.py
	    Newer     		  236939	strategy_base.py
	    Newer     		   39443	strategy_buy.py
	    Newer     		   54002	strategy_sell.py
	    Newer     		    1575	utils.py
	                   2	g:\systemair\energy_mamagment\custom_components\energy_management\brand\
	          same		  391765	icon.png
	          same		  391765	logo.png
	                   1	g:\systemair\energy_mamagment\custom_components\energy_management\scratch\
	          same		    3833	append_debate_budget.py
	                   2	g:\systemair\energy_mamagment\custom_components\energy_management\translations\
	      modified		   18909	ru.json
	          same		    9636	en.json
	                   1	g:\systemair\energy_mamagment\custom_components\energy_management\www\
	    Newer     		   29183	energy-management-card.js

------------------------------------------------------------------------------

               Total    Copied   Skipped  Mismatch    FAILED    Extras
    Dirs :         5         0         5         0         0         1
   Files :        23         9        14         0         0         0
   Bytes :    1.43 m   595.2 k   873.2 k         0         0         0
   Times :   0:00:00   0:00:00                       0:00:00   0:00:00


   Speed :           1ÿ029ÿ584 Bytes/sec.
   Speed :              58,913 MegaBytes/min.
   Ended : sobota, 16 maja 2026 00:48:30

