
-------------------------------------------------------------------------------
   ROBOCOPY     ::     Robust File Copy for Windows                              
-------------------------------------------------------------------------------

  Started : pi¥tek, 15 maja 2026 13:51:35
   Source : g:\systemair\energy_mamagment\custom_components\energy_management\
     Dest : \\192.168.100.5\config\custom_components\energy_management\

    Files : *.*
	    
  Options : *.* /S /E /DCOPY:DA /COPY:DAT /XO /R:1000000 /W:30 

------------------------------------------------------------------------------

	                  17	g:\systemair\energy_mamagment\custom_components\energy_management\
	    Newer     		  236890	strategy_base.py100%  
	                   2	g:\systemair\energy_mamagment\custom_components\energy_management\brand\
	                   1	g:\systemair\energy_mamagment\custom_components\energy_management\scratch\
	                   2	g:\systemair\energy_mamagment\custom_components\energy_management\translations\
	                   1	g:\systemair\energy_mamagment\custom_components\energy_management\www\

------------------------------------------------------------------------------

               Total    Copied   Skipped  Mismatch    FAILED    Extras
    Dirs :         5         0         5         0         0         0
   Files :        23         1        22         0         0         0
   Bytes :    1.43 m   231.3 k    1.20 m         0         0         0
   Times :   0:00:00   0:00:00                       0:00:00   0:00:00


   Speed :           2ÿ722ÿ873 Bytes/sec.
   Speed :             155,804 MegaBytes/min.
   Ended : pi¥tek, 15 maja 2026 13:51:35

